/Users/mae/STM32CubeIDE/workspace_1.17.0/The Buttoner/libs/gbmUSBdevice/Example/Inc/STM32C0/mcu_hw.h:33:20:ClockSetup	2
/Users/mae/STM32CubeIDE/workspace_1.17.0/The Buttoner/libs/gbmUSBdevice/Example/Inc/STM32C0/mcu_hw.h:47:20:USBhwSetup	1
/Users/mae/STM32CubeIDE/workspace_1.17.0/The Buttoner/libs/gbmUSBdevice/Example/Inc/STM32C0/mcu_hw.h:54:20:LED_Btn_Setup	1
/Users/mae/STM32CubeIDE/workspace_1.17.0/The Buttoner/libs/gbmUSBdevice/Example/Inc/STM32C0/mcu_hw.h:67:20:hwLED_Set	2
/Users/mae/STM32CubeIDE/workspace_1.17.0/The Buttoner/libs/gbmUSBdevice/Example/Src/usbdev_main.c:12:6:LED_Set	1
/Users/mae/STM32CubeIDE/workspace_1.17.0/The Buttoner/libs/gbmUSBdevice/Example/Src/usbdev_main.c:17:6:BtnGet	1
/Users/mae/STM32CubeIDE/workspace_1.17.0/The Buttoner/libs/gbmUSBdevice/Example/Src/usbdev_main.c:27:13:usbdev_main	1
/Users/mae/STM32CubeIDE/workspace_1.17.0/The Buttoner/libs/gbmUSBdevice/Example/Src/usbdev_main.c:52:27:main	1
