/Users/mae/STM32CubeIDE/workspace_1.17.0/gbmUSBdevice/Example/Inc/STM32C0/mcu_hw.h:33:20:ClockSetup	8	static
/Users/mae/STM32CubeIDE/workspace_1.17.0/gbmUSBdevice/Example/Inc/STM32C0/mcu_hw.h:47:20:USBhwSetup	8	static
/Users/mae/STM32CubeIDE/workspace_1.17.0/gbmUSBdevice/Example/Inc/STM32C0/mcu_hw.h:54:20:LED_Btn_Setup	8	static
/Users/mae/STM32CubeIDE/workspace_1.17.0/gbmUSBdevice/Example/Inc/STM32C0/mcu_hw.h:67:20:hwLED_Set	16	static
/Users/mae/STM32CubeIDE/workspace_1.17.0/gbmUSBdevice/Example/Src/usbdev_main.c:12:6:LED_Set	16	static
/Users/mae/STM32CubeIDE/workspace_1.17.0/gbmUSBdevice/Example/Src/usbdev_main.c:17:6:BtnGet	8	static
/Users/mae/STM32CubeIDE/workspace_1.17.0/gbmUSBdevice/Example/Src/usbdev_main.c:27:13:usbdev_main	8	static,ignoring_inline_asm
/Users/mae/STM32CubeIDE/workspace_1.17.0/gbmUSBdevice/Example/Src/usbdev_main.c:52:27:main	8	static
