Archive member included to satisfy reference by file (symbol)

/Applications/STM32CubeIDE.app/Contents/Eclipse/plugins/com.st.stm32cube.ide.mcu.externaltools.gnu-tools-for-stm32.12.3.rel1.macos64_1.1.0.202410301201/tools/bin/../lib/gcc/arm-none-eabi/12.3.1/../../../../arm-none-eabi/lib/thumb/v6-m/nofp/libc_nano.a(libc_a-exit.o)
                              /Applications/STM32CubeIDE.app/Contents/Eclipse/plugins/com.st.stm32cube.ide.mcu.externaltools.gnu-tools-for-stm32.12.3.rel1.macos64_1.1.0.202410301201/tools/bin/../lib/gcc/arm-none-eabi/12.3.1/../../../../arm-none-eabi/lib/thumb/v6-m/nofp/crt0.o (exit)
/Applications/STM32CubeIDE.app/Contents/Eclipse/plugins/com.st.stm32cube.ide.mcu.externaltools.gnu-tools-for-stm32.12.3.rel1.macos64_1.1.0.202410301201/tools/bin/../lib/gcc/arm-none-eabi/12.3.1/../../../../arm-none-eabi/lib/thumb/v6-m/nofp/libc_nano.a(libc_a-findfp.o)
                              /Applications/STM32CubeIDE.app/Contents/Eclipse/plugins/com.st.stm32cube.ide.mcu.externaltools.gnu-tools-for-stm32.12.3.rel1.macos64_1.1.0.202410301201/tools/bin/../lib/gcc/arm-none-eabi/12.3.1/../../../../arm-none-eabi/lib/thumb/v6-m/nofp/libc_nano.a(libc_a-exit.o) (__stdio_exit_handler)
/Applications/STM32CubeIDE.app/Contents/Eclipse/plugins/com.st.stm32cube.ide.mcu.externaltools.gnu-tools-for-stm32.12.3.rel1.macos64_1.1.0.202410301201/tools/bin/../lib/gcc/arm-none-eabi/12.3.1/../../../../arm-none-eabi/lib/thumb/v6-m/nofp/libc_nano.a(libc_a-fwalk.o)
                              /Applications/STM32CubeIDE.app/Contents/Eclipse/plugins/com.st.stm32cube.ide.mcu.externaltools.gnu-tools-for-stm32.12.3.rel1.macos64_1.1.0.202410301201/tools/bin/../lib/gcc/arm-none-eabi/12.3.1/../../../../arm-none-eabi/lib/thumb/v6-m/nofp/libc_nano.a(libc_a-findfp.o) (_fwalk_sglue)
/Applications/STM32CubeIDE.app/Contents/Eclipse/plugins/com.st.stm32cube.ide.mcu.externaltools.gnu-tools-for-stm32.12.3.rel1.macos64_1.1.0.202410301201/tools/bin/../lib/gcc/arm-none-eabi/12.3.1/../../../../arm-none-eabi/lib/thumb/v6-m/nofp/libc_nano.a(libc_a-memcmp.o)
                              ./gbmUSBdevice/USBdev/Src/usb_class.o (memcmp)
/Applications/STM32CubeIDE.app/Contents/Eclipse/plugins/com.st.stm32cube.ide.mcu.externaltools.gnu-tools-for-stm32.12.3.rel1.macos64_1.1.0.202410301201/tools/bin/../lib/gcc/arm-none-eabi/12.3.1/../../../../arm-none-eabi/lib/thumb/v6-m/nofp/libc_nano.a(libc_a-memset.o)
                              /Applications/STM32CubeIDE.app/Contents/Eclipse/plugins/com.st.stm32cube.ide.mcu.externaltools.gnu-tools-for-stm32.12.3.rel1.macos64_1.1.0.202410301201/tools/bin/../lib/gcc/arm-none-eabi/12.3.1/../../../../arm-none-eabi/lib/thumb/v6-m/nofp/crt0.o (memset)
/Applications/STM32CubeIDE.app/Contents/Eclipse/plugins/com.st.stm32cube.ide.mcu.externaltools.gnu-tools-for-stm32.12.3.rel1.macos64_1.1.0.202410301201/tools/bin/../lib/gcc/arm-none-eabi/12.3.1/../../../../arm-none-eabi/lib/thumb/v6-m/nofp/libc_nano.a(libc_a-impure.o)
                              /Applications/STM32CubeIDE.app/Contents/Eclipse/plugins/com.st.stm32cube.ide.mcu.externaltools.gnu-tools-for-stm32.12.3.rel1.macos64_1.1.0.202410301201/tools/bin/../lib/gcc/arm-none-eabi/12.3.1/../../../../arm-none-eabi/lib/thumb/v6-m/nofp/libc_nano.a(libc_a-findfp.o) (_impure_data)
/Applications/STM32CubeIDE.app/Contents/Eclipse/plugins/com.st.stm32cube.ide.mcu.externaltools.gnu-tools-for-stm32.12.3.rel1.macos64_1.1.0.202410301201/tools/bin/../lib/gcc/arm-none-eabi/12.3.1/../../../../arm-none-eabi/lib/thumb/v6-m/nofp/libc_nano.a(libc_a-errno.o)
                              ./Core/Src/syscalls.o (__errno)
/Applications/STM32CubeIDE.app/Contents/Eclipse/plugins/com.st.stm32cube.ide.mcu.externaltools.gnu-tools-for-stm32.12.3.rel1.macos64_1.1.0.202410301201/tools/bin/../lib/gcc/arm-none-eabi/12.3.1/../../../../arm-none-eabi/lib/thumb/v6-m/nofp/libc_nano.a(libc_a-init.o)
                              /Applications/STM32CubeIDE.app/Contents/Eclipse/plugins/com.st.stm32cube.ide.mcu.externaltools.gnu-tools-for-stm32.12.3.rel1.macos64_1.1.0.202410301201/tools/bin/../lib/gcc/arm-none-eabi/12.3.1/../../../../arm-none-eabi/lib/thumb/v6-m/nofp/crt0.o (__libc_init_array)
/Applications/STM32CubeIDE.app/Contents/Eclipse/plugins/com.st.stm32cube.ide.mcu.externaltools.gnu-tools-for-stm32.12.3.rel1.macos64_1.1.0.202410301201/tools/bin/../lib/gcc/arm-none-eabi/12.3.1/../../../../arm-none-eabi/lib/thumb/v6-m/nofp/libc_nano.a(libc_a-lock.o)
                              /Applications/STM32CubeIDE.app/Contents/Eclipse/plugins/com.st.stm32cube.ide.mcu.externaltools.gnu-tools-for-stm32.12.3.rel1.macos64_1.1.0.202410301201/tools/bin/../lib/gcc/arm-none-eabi/12.3.1/../../../../arm-none-eabi/lib/thumb/v6-m/nofp/libc_nano.a(libc_a-findfp.o) (__retarget_lock_init_recursive)
[...]
Memory Configuration

Name             Origin             Length             Attributes
RAM              0x20000000         0x00006000         xrw
FLASH            0x08000000         0x00020000         xr
*default*        0x00000000         0xffffffff

Linker script and memory map

LOAD /Applications/STM32CubeIDE.app/Contents/Eclipse/plugins/com.st.stm32cube.ide.mcu.externaltools.gnu-tools-for-stm32.12.3.rel1.macos64_1.1.0.202410301201/tools/bin/../lib/gcc/arm-none-eabi/12.3.1/thumb/v6-m/nofp/crti.o
LOAD /Applications/STM32CubeIDE.app/Contents/Eclipse/plugins/com.st.stm32cube.ide.mcu.externaltools.gnu-tools-for-stm32.12.3.rel1.macos64_1.1.0.202410301201/tools/bin/../lib/gcc/arm-none-eabi/12.3.1/thumb/v6-m/nofp/crtbegin.o
LOAD /Applications/STM32CubeIDE.app/Contents/Eclipse/plugins/com.st.stm32cube.ide.mcu.externaltools.gnu-tools-for-stm32.12.3.rel1.macos64_1.1.0.202410301201/tools/bin/../lib/gcc/arm-none-eabi/12.3.1/../../../../arm-none-eabi/lib/thumb/v6-m/nofp/crt0.o
LOAD ./Core/Src/main.o
LOAD ./Core/Src/stm32c0xx_hal_msp.o
LOAD ./Core/Src/stm32c0xx_it.o
LOAD ./Core/Src/syscalls.o
LOAD ./Core/Src/sysmem.o
LOAD ./Core/Src/system_stm32c0xx.o
LOAD ./Core/Startup/startup_stm32c071rbtx.o
LOAD ./Drivers/BSP/STM32C0xx_Nucleo/stm32c0xx_nucleo.o
LOAD ./Drivers/STM32C0xx_HAL_Driver/Src/stm32c0xx_hal.o
LOAD ./Drivers/STM32C0xx_HAL_Driver/Src/stm32c0xx_hal_cortex.o
LOAD ./Drivers/STM32C0xx_HAL_Driver/Src/stm32c0xx_hal_dma.o
LOAD ./Drivers/STM32C0xx_HAL_Driver/Src/stm32c0xx_hal_dma_ex.o
LOAD ./Drivers/STM32C0xx_HAL_Driver/Src/stm32c0xx_hal_exti.o
LOAD ./Drivers/STM32C0xx_HAL_Driver/Src/stm32c0xx_hal_flash.o
LOAD ./Drivers/STM32C0xx_HAL_Driver/Src/stm32c0xx_hal_flash_ex.o
LOAD ./Drivers/STM32C0xx_HAL_Driver/Src/stm32c0xx_hal_gpio.o
LOAD ./Drivers/STM32C0xx_HAL_Driver/Src/stm32c0xx_hal_pcd.o
LOAD ./Drivers/STM32C0xx_HAL_Driver/Src/stm32c0xx_hal_pcd_ex.o
LOAD ./Drivers/STM32C0xx_HAL_Driver/Src/stm32c0xx_hal_pwr.o
LOAD ./Drivers/STM32C0xx_HAL_Driver/Src/stm32c0xx_hal_pwr_ex.o
LOAD ./Drivers/STM32C0xx_HAL_Driver/Src/stm32c0xx_hal_rcc.o
LOAD ./Drivers/STM32C0xx_HAL_Driver/Src/stm32c0xx_hal_rcc_ex.o
LOAD ./Drivers/STM32C0xx_HAL_Driver/Src/stm32c0xx_hal_tim.o
LOAD ./Drivers/STM32C0xx_HAL_Driver/Src/stm32c0xx_hal_tim_ex.o
LOAD ./Drivers/STM32C0xx_HAL_Driver/Src/stm32c0xx_hal_uart.o
LOAD ./Drivers/STM32C0xx_HAL_Driver/Src/stm32c0xx_hal_uart_ex.o
LOAD ./Drivers/STM32C0xx_HAL_Driver/Src/stm32c0xx_hal_usart.o
LOAD ./Drivers/STM32C0xx_HAL_Driver/Src/stm32c0xx_hal_usart_ex.o
LOAD ./Drivers/STM32C0xx_HAL_Driver/Src/stm32c0xx_ll_usb.o
LOAD ./gbmUSBdevice/Example/Src/usbdev_main.o
LOAD ./gbmUSBdevice/USBdev/Src/usb_app.o
LOAD ./gbmUSBdevice/USBdev/Src/usb_app_simple_cdc.o
LOAD ./gbmUSBdevice/USBdev/Src/usb_class.o
LOAD ./gbmUSBdevice/USBdev/Src/usb_dev.o
LOAD ./gbmUSBdevice/USBdev/Src/usb_hw_f1.o
LOAD ./gbmUSBdevice/USBdev/Src/usb_hw_g0.o
LOAD ./gbmUSBdevice/USBdev/Src/usb_hw_l0.o
LOAD ./gbmUSBdevice/USBdev/Src/usb_hw_l4.o
LOAD ./gbmUSBdevice/USBdev/Src/usb_log.o
START GROUP
LOAD /Applications/STM32CubeIDE.app/Contents/Eclipse/plugins/com.st.stm32cube.ide.mcu.externaltools.gnu-tools-for-stm32.12.3.rel1.macos64_1.1.0.202410301201/tools/bin/../lib/gcc/arm-none-eabi/12.3.1/../../../../arm-none-eabi/lib/thumb/v6-m/nofp/libc_nano.a
LOAD /Applications/STM32CubeIDE.app/Contents/Eclipse/plugins/com.st.stm32cube.ide.mcu.externaltools.gnu-tools-for-stm32.12.3.rel1.macos64_1.1.0.202410301201/tools/bin/../lib/gcc/arm-none-eabi/12.3.1/../../../../arm-none-eabi/lib/thumb/v6-m/nofp/libm.a
END GROUP
START GROUP
LOAD /Applications/STM32CubeIDE.app/Contents/Eclipse/plugins/com.st.stm32cube.ide.mcu.externaltools.gnu-tools-for-stm32.12.3.rel1.macos64_1.1.0.202410301201/tools/bin/../lib/gcc/arm-none-eabi/12.3.1/thumb/v6-m/nofp/libgcc.a
LOAD /Applications/STM32CubeIDE.app/Contents/Eclipse/plugins/com.st.stm32cube.ide.mcu.externaltools.gnu-tools-for-stm32.12.3.rel1.macos64_1.1.0.202410301201/tools/bin/../lib/gcc/arm-none-eabi/12.3.1/../../../../arm-none-eabi/lib/thumb/v6-m/nofp/libc_nano.a
END GROUP
START GROUP
LOAD /Applications/STM32CubeIDE.app/Contents/Eclipse/plugins/com.st.stm32cube.ide.mcu.externaltools.gnu-tools-for-stm32.12.3.rel1.macos64_1.1.0.202410301201/tools/bin/../lib/gcc/arm-none-eabi/12.3.1/thumb/v6-m/nofp/libgcc.a
LOAD /Applications/STM32CubeIDE.app/Contents/Eclipse/plugins/com.st.stm32cube.ide.mcu.externaltools.gnu-tools-for-stm32.12.3.rel1.macos64_1.1.0.202410301201/tools/bin/../lib/gcc/arm-none-eabi/12.3.1/../../../../arm-none-eabi/lib/thumb/v6-m/nofp/libc_nano.a
LOAD /Applications/STM32CubeIDE.app/Contents/Eclipse/plugins/com.st.stm32cube.ide.mcu.externaltools.gnu-tools-for-stm32.12.3.rel1.macos64_1.1.0.202410301201/tools/bin/../lib/gcc/arm-none-eabi/12.3.1/../../../../arm-none-eabi/lib/thumb/v6-m/nofp/libnosys.a
END GROUP
START GROUP
LOAD /Applications/STM32CubeIDE.app/Contents/Eclipse/plugins/com.st.stm32cube.ide.mcu.externaltools.gnu-tools-for-stm32.12.3.rel1.macos64_1.1.0.202410301201/tools/bin/../lib/gcc/arm-none-eabi/12.3.1/thumb/v6-m/nofp/libgcc.a
LOAD /Applications/STM32CubeIDE.app/Contents/Eclipse/plugins/com.st.stm32cube.ide.mcu.externaltools.gnu-tools-for-stm32.12.3.rel1.macos64_1.1.0.202410301201/tools/bin/../lib/gcc/arm-none-eabi/12.3.1/../../../../arm-none-eabi/lib/thumb/v6-m/nofp/libc_nano.a
LOAD /Applications/STM32CubeIDE.app/Contents/Eclipse/plugins/com.st.stm32cube.ide.mcu.externaltools.gnu-tools-for-stm32.12.3.rel1.macos64_1.1.0.202410301201/tools/bin/../lib/gcc/arm-none-eabi/12.3.1/../../../../arm-none-eabi/lib/thumb/v6-m/nofp/libnosys.a
END GROUP
LOAD /Applications/STM32CubeIDE.app/Contents/Eclipse/plugins/com.st.stm32cube.ide.mcu.externaltools.gnu-tools-for-stm32.12.3.rel1.macos64_1.1.0.202410301201/tools/bin/../lib/gcc/arm-none-eabi/12.3.1/thumb/v6-m/nofp/crtend.o
LOAD /Applications/STM32CubeIDE.app/Contents/Eclipse/plugins/com.st.stm32cube.ide.mcu.externaltools.gnu-tools-for-stm32.12.3.rel1.macos64_1.1.0.202410301201/tools/bin/../lib/gcc/arm-none-eabi/12.3.1/thumb/v6-m/nofp/crtn.o
                0x20006000                        _estack = (ORIGIN (RAM) + LENGTH (RAM))
                0x00000200                        _Min_Heap_Size = 0x200
                0x00000400                        _Min_Stack_Size = 0x400

.isr_vector     0x08000000       0xc0
                0x08000000                        . = ALIGN (0x4)
 *(.isr_vector)
 .isr_vector    0x08000000       0xc0 ./Core/Startup/startup_stm32c071rbtx.o
                0x08000000                g_pfnVectors
                0x080000c0                        . = ALIGN (0x4)

.text           0x080000c0     0x2a78
                0x080000c0                        . = ALIGN (0x4)
 *(.text)
 .text          0x080000c0       0x48 /Applications/STM32CubeIDE.app/Contents/Eclipse/plugins/com.st.stm32cube.ide.mcu.externaltools.gnu-tools-for-stm32.12.3.rel1.macos64_1.1.0.202410301201/tools/bin/../lib/gcc/arm-none-eabi/12.3.1/thumb/v6-m/nofp/crtbegin.o
 .text          0x08000108        0xe /Applications/STM32CubeIDE.app/Contents/Eclipse/plugins/com.st.stm32cube.ide.mcu.externaltools.gnu-tools-for-stm32.12.3.rel1.macos64_1.1.0.202410301201/tools/bin/../lib/gcc/arm-none-eabi/12.3.1/../../../../arm-none-eabi/lib/thumb/v6-m/nofp/libc_nano.a(libc_a-strlen.o)
                0x08000108                strlen
 *fill*         0x08000116        0x2 
 .text          0x08000118      0x114 /Applications/STM32CubeIDE.app/Contents/Eclipse/plugins/com.st.stm32cube.ide.mcu.externaltools.gnu-tools-for-stm32.12.3.rel1.macos64_1.1.0.202410301201/tools/bin/../lib/gcc/arm-none-eabi/12.3.1/thumb/v6-m/nofp/libgcc.a(_udivsi3.o)
                0x08000118                __udivsi3
                0x08000118                __aeabi_uidiv
                0x08000224                __aeabi_uidivmod
 .text          0x0800022c        0x4 /Applications/STM32CubeIDE.app/Contents/Eclipse/plugins/com.st.stm32cube.ide.mcu.externaltools.gnu-tools-for-stm32.12.3.rel1.macos64_1.1.0.202410301201/tools/bin/../lib/gcc/arm-none-eabi/12.3.1/thumb/v6-m/nofp/libgcc.a(_dvmd_tls.o)
                0x0800022c                __aeabi_ldiv0
                0x0800022c                __aeabi_idiv0
 *(.text*)
 .text.NMI_Handler
                0x08000230        0x8 ./Core/Src/stm32c0xx_it.o
                0x08000230                NMI_Handler
 .text.HardFault_Handler
                0x08000238        0x8 ./Core/Src/stm32c0xx_it.o
                0x08000238                HardFault_Handler
 .text.SVC_Handler
                0x08000240        0xa ./Core/Src/stm32c0xx_it.o
                0x08000240                SVC_Handler
 .text.PendSV_Handler
                0x0800024a        0xa ./Core/Src/stm32c0xx_it.o
                0x0800024a                PendSV_Handler
 .text.SysTick_Handler
                0x08000254        0xe ./Core/Src/stm32c0xx_it.o
                0x08000254                SysTick_Handler
 .text.EXTI4_15_IRQHandler
                0x08000262       0x10 ./Core/Src/stm32c0xx_it.o
                0x08000262                EXTI4_15_IRQHandler
 *fill*         0x08000272        0x2 
 .text.SystemInit
                0x08000274       0x18 ./Core/Src/system_stm32c0xx.o
                0x08000274                SystemInit
 .text.Reset_Handler
                0x0800028c       0x50 ./Core/Startup/startup_stm32c071rbtx.o
                0x0800028c                Reset_Handler
 .text.Default_Handler
                0x080002dc        0x2 ./Core/Startup/startup_stm32c071rbtx.o
                0x080002dc                TIM1_BRK_UP_TRG_COM_IRQHandler
                0x080002dc                I2C1_IRQHandler
                0x080002dc                SPI1_IRQHandler
                0x080002dc                EXTI2_3_IRQHandler
                0x080002dc                I2C2_IRQHandler
                0x080002dc                RTC_IRQHandler
                0x080002dc                PVD_VDDIO2_IRQHandler
                0x080002dc                TIM3_IRQHandler
                0x080002dc                DMA1_Channel1_IRQHandler
                0x080002dc                Default_Handler
                0x080002dc                TIM14_IRQHandler
                0x080002dc                EXTI0_1_IRQHandler
                0x080002dc                SPI2_IRQHandler
                0x080002dc                WWDG_IRQHandler
                0x080002dc                TIM2_IRQHandler
                0x080002dc                DMA1_Channel2_3_IRQHandler
                0x080002dc                DMAMUX1_DMA1_CH4_5_IRQHandler
                0x080002dc                USART2_IRQHandler
                0x080002dc                FLASH_IRQHandler
                0x080002dc                USART1_IRQHandler
                0x080002dc                TIM1_CC_IRQHandler
 *fill*         0x080002de        0x2 
 .text.BSP_PB_IRQHandler
                0x080002e0       0x30 ./Drivers/BSP/STM32C0xx_Nucleo/stm32c0xx_nucleo.o
                0x080002e0                BSP_PB_IRQHandler
 .text.HAL_IncTick
                0x08000310       0x24 ./Drivers/STM32C0xx_HAL_Driver/Src/stm32c0xx_hal.o
                0x08000310                HAL_IncTick
 .text.HAL_EXTI_IRQHandler
                0x08000334       0x94 ./Drivers/STM32C0xx_HAL_Driver/Src/stm32c0xx_hal_exti.o
                0x08000334                HAL_EXTI_IRQHandler
 .text.ClockSetup
                0x080003c8       0x60 ./gbmUSBdevice/Example/Src/usbdev_main.o
 .text.USBhwSetup
                0x08000428       0x1c ./gbmUSBdevice/Example/Src/usbdev_main.o
 .text.LED_Btn_Setup
                0x08000444       0x64 ./gbmUSBdevice/Example/Src/usbdev_main.o
 .text.hwLED_Set
                0x080004a8       0x2a ./gbmUSBdevice/Example/Src/usbdev_main.o
 .text.LED_Set  0x080004d2       0x1e ./gbmUSBdevice/Example/Src/usbdev_main.o
                0x080004d2                LED_Set
 .text.BtnGet   0x080004f0       0x20 ./gbmUSBdevice/Example/Src/usbdev_main.o
                0x080004f0                BtnGet
 .text.usbdev_main
                0x08000510       0x18 ./gbmUSBdevice/Example/Src/usbdev_main.o
 .text.main     0x08000528       0x10 ./gbmUSBdevice/Example/Src/usbdev_main.o
                0x08000528                main
 .text.__NVIC_EnableIRQ
                0x08000538       0x34 ./gbmUSBdevice/USBdev/Src/usb_app.o
 .text.__NVIC_DisableIRQ
                0x0800056c       0x44 ./gbmUSBdevice/USBdev/Src/usb_app.o
 .text.__NVIC_SetPendingIRQ
                0x080005b0       0x38 ./gbmUSBdevice/USBdev/Src/usb_app.o
 .text.__NVIC_SetPriority
                0x080005e8       0xdc ./gbmUSBdevice/USBdev/Src/usb_app.o
 .text.HIDupdateKB
                0x080006c4       0x50 ./gbmUSBdevice/USBdev/Src/usb_app.o
 .text.HIDsetLEDs
                0x08000714       0x2c ./gbmUSBdevice/USBdev/Src/usb_app.o
 .text.vcom_write
                0x08000740      0x130 ./gbmUSBdevice/USBdev/Src/usb_app.o
                0x08000740                vcom_write
 .text.vcom_putchar
                0x08000870       0x28 ./gbmUSBdevice/USBdev/Src/usb_app.o
                0x08000870                vcom_putchar
 .text.vcom_putstring
                0x08000898       0x34 ./gbmUSBdevice/USBdev/Src/usb_app.o
                0x08000898                vcom_putstring
 .text.send_serialstate_notif
                0x080008cc       0xd0 ./gbmUSBdevice/USBdev/Src/usb_app.o
 .text.vcom_process_input
                0x0800099c       0x2c ./gbmUSBdevice/USBdev/Src/usb_app.o
                0x0800099c                vcom_process_input
 .text.VCP_ConnStatus
                0x080009c8       0x1a ./gbmUSBdevice/USBdev/Src/usb_app.o
                0x080009c8                VCP_ConnStatus
 *fill*         0x080009e2        0x2 
 .text.allow_rx
                0x080009e4       0x34 ./gbmUSBdevice/USBdev/Src/usb_app.o
 .text.usbdev_session_init
                0x08000a18       0x60 ./gbmUSBdevice/USBdev/Src/usb_app.o
 .text.usbdev_reset
                0x08000a78       0x54 ./gbmUSBdevice/USBdev/Src/usb_app.o
 .text.usbdev_resume
                0x08000acc       0x58 ./gbmUSBdevice/USBdev/Src/usb_app.o
 .text.usbdev_tick
                0x08000b24      0x204 ./gbmUSBdevice/USBdev/Src/usb_app.o
                0x08000b24                usbdev_tick
 .text.cdc_LineStateHandler
                0x08000d28       0xb8 ./gbmUSBdevice/USBdev/Src/usb_app.o
                0x08000d28                cdc_LineStateHandler
 .text.vcom_prompt
                0x08000de0       0x5c ./gbmUSBdevice/USBdev/Src/usb_app.o
                0x08000de0                vcom_prompt
 .text.VCOM_rx_IRQHandler
                0x08000e3c      0x278 ./gbmUSBdevice/USBdev/Src/usb_app.o
                0x08000e3c                VCOM_rx_IRQHandler
 .text.RCC_CRS_IRQHandler
                0x080010b4       0x10 ./gbmUSBdevice/USBdev/Src/usb_app.o
                0x080010b4                RCC_CRS_IRQHandler
 .text.VCOM_tx_IRQHandler
                0x080010c4       0xb0 ./gbmUSBdevice/USBdev/Src/usb_app.o
                0x080010c4                VCOM_tx_IRQHandler
 .text.ADC1_IRQHandler
                0x08001174       0x10 ./gbmUSBdevice/USBdev/Src/usb_app.o
                0x08001174                ADC1_IRQHandler
 .text.TIM16_IRQHandler
                0x08001184       0x10 ./gbmUSBdevice/USBdev/Src/usb_app.o
                0x08001184                TIM16_IRQHandler
 .text.TIM17_IRQHandler
                0x08001194       0x10 ./gbmUSBdevice/USBdev/Src/usb_app.o
                0x08001194                TIM17_IRQHandler
 .text.HIDoutHandler
                0x080011a4       0x24 ./gbmUSBdevice/USBdev/Src/usb_app.o
 .text.DataReceivedHandler
                0x080011c8       0x84 ./gbmUSBdevice/USBdev/Src/usb_app.o
                0x080011c8                DataReceivedHandler
 .text.DataSentHandler
                0x0800124c       0x34 ./gbmUSBdevice/USBdev/Src/usb_app.o
                0x0800124c                DataSentHandler
 .text.USBapp_Init
                0x08001280       0x5c ./gbmUSBdevice/USBdev/Src/usb_app.o
                0x08001280                USBapp_Init
 .text.USB_DRD_FS_IRQHandler
                0x080012dc       0x1c ./gbmUSBdevice/USBdev/Src/usb_app.o
                0x080012dc                USB_DRD_FS_IRQHandler
 .text.USBclass_ClearEPStall
                0x080012f8       0x72 ./gbmUSBdevice/USBdev/Src/usb_class.o
                0x080012f8                USBclass_ClearEPStall
 *fill*         0x0800136a        0x2 
 .text.USBclass_HandleRequest
                0x0800136c      0x314 ./gbmUSBdevice/USBdev/Src/usb_class.o
                0x0800136c                USBclass_HandleRequest
 .text.getusb16
                0x08001680       0x24 ./gbmUSBdevice/USBdev/Src/usb_dev.o
 .text.USBdev_SendData
                0x080016a4       0xec ./gbmUSBdevice/USBdev/Src/usb_dev.o
                0x080016a4                USBdev_SendData
 .text.USBdev_SendStatus
                0x08001790       0x3c ./gbmUSBdevice/USBdev/Src/usb_dev.o
                0x08001790                USBdev_SendStatus
 .text.USBdev_SendStatusOK
                0x080017cc       0x1c ./gbmUSBdevice/USBdev/Src/usb_dev.o
                0x080017cc                USBdev_SendStatusOK
 .text.USBdev_CtrlError
                0x080017e8       0x34 ./gbmUSBdevice/USBdev/Src/usb_dev.o
                0x080017e8                USBdev_CtrlError
 .text.USBdev_GetDescriptor
                0x0800181c      0x16e ./gbmUSBdevice/USBdev/Src/usb_dev.o
 *fill*         0x0800198a        0x2 
 .text.USBdev_HandleRequest
                0x0800198c      0x234 ./gbmUSBdevice/USBdev/Src/usb_dev.o
 .text.USBdev_InEPHandler
                0x08001bc0       0x8a ./gbmUSBdevice/USBdev/Src/usb_dev.o
                0x08001bc0                USBdev_InEPHandler
 .text.USBdev_OutEPHandler
                0x08001c4a      0x10c ./gbmUSBdevice/USBdev/Src/usb_dev.o
                0x08001c4a                USBdev_OutEPHandler
 .text.USBdev_GetEPDescriptor
                0x08001d56       0x84 ./gbmUSBdevice/USBdev/Src/usb_dev.o
                0x08001d56                USBdev_GetEPDescriptor
 *fill*         0x08001dda        0x2 
 .text.__NVIC_EnableIRQ
                0x08001ddc       0x34 ./gbmUSBdevice/USBdev/Src/usb_hw_g0.o
 .text.__NVIC_DisableIRQ
                0x08001e10       0x44 ./gbmUSBdevice/USBdev/Src/usb_hw_g0.o
 .text.getusb16
                0x08001e54       0x24 ./gbmUSBdevice/USBdev/Src/usb_hw_g0.o
 .text.USBhw_Init
                0x08001e78       0x72 ./gbmUSBdevice/USBdev/Src/usb_hw_g0.o
 *fill*         0x08001eea        0x2 
 .text.USBhw_DeInit
                0x08001eec       0x3c ./gbmUSBdevice/USBdev/Src/usb_hw_g0.o
 .text.SetRxNumBlock
                0x08001f28       0x40 ./gbmUSBdevice/USBdev/Src/usb_hw_g0.o
 .text.USBhw_GetInEPSize
                0x08001f68       0x40 ./gbmUSBdevice/USBdev/Src/usb_hw_g0.o
 .text.SetEPRState
                0x08001fa8       0x54 ./gbmUSBdevice/USBdev/Src/usb_hw_g0.o
 .text.USBhw_ClrEPToggle
                0x08001ffc       0x34 ./gbmUSBdevice/USBdev/Src/usb_hw_g0.o
 .text.USBhw_SetEPState
                0x08002030       0x56 ./gbmUSBdevice/USBdev/Src/usb_hw_g0.o
 .text.USBhw_SetEPStall
                0x08002086       0x24 ./gbmUSBdevice/USBdev/Src/usb_hw_g0.o
 .text.USBhw_ClrEPStall
                0x080020aa       0x40 ./gbmUSBdevice/USBdev/Src/usb_hw_g0.o
 *fill*         0x080020ea        0x2 
 .text.USBhw_IsEPStalled
                0x080020ec       0x64 ./gbmUSBdevice/USBdev/Src/usb_hw_g0.o
 .text.USBhw_EnableRx
                0x08002150       0x2a ./gbmUSBdevice/USBdev/Src/usb_hw_g0.o
 .text.USBhw_EnableCtlSetup
                0x0800217a       0x10 ./gbmUSBdevice/USBdev/Src/usb_hw_g0.o
 .text.reset_in_endpoints
                0x0800218a       0x2a ./gbmUSBdevice/USBdev/Src/usb_hw_g0.o
 .text.USBhw_Reset
                0x080021b4       0xe0 ./gbmUSBdevice/USBdev/Src/usb_hw_g0.o
 .text.epbufsize
                0x08002294       0x22 ./gbmUSBdevice/USBdev/Src/usb_hw_g0.o
 *fill*         0x080022b6        0x2 
 .text.USBhw_SetCfg
                0x080022b8      0x1e8 ./gbmUSBdevice/USBdev/Src/usb_hw_g0.o
 .text.USBhw_ResetCfg
                0x080024a0       0x64 ./gbmUSBdevice/USBdev/Src/usb_hw_g0.o
 .text.USBhw_WriteTxData
                0x08002504      0x1bc ./gbmUSBdevice/USBdev/Src/usb_hw_g0.o
 .text.USBhw_StartTx
                0x080026c0       0x76 ./gbmUSBdevice/USBdev/Src/usb_hw_g0.o
 *fill*         0x08002736        0x2 
 .text.USBhw_ReadRxData
                0x08002738      0x140 ./gbmUSBdevice/USBdev/Src/usb_hw_g0.o
 .text.USBhw_IRQHandler
                0x08002878      0x220 ./gbmUSBdevice/USBdev/Src/usb_hw_g0.o
                0x08002878                USBhw_IRQHandler
 .text.memcmp   0x08002a98       0x1c /Applications/STM32CubeIDE.app/Contents/Eclipse/plugins/com.st.stm32cube.ide.mcu.externaltools.gnu-tools-for-stm32.12.3.rel1.macos64_1.1.0.202410301201/tools/bin/../lib/gcc/arm-none-eabi/12.3.1/../../../../arm-none-eabi/lib/thumb/v6-m/nofp/libc_nano.a(libc_a-memcmp.o)
                0x08002a98                memcmp
 .text.memset   0x08002ab4       0x10 /Applications/STM32CubeIDE.app/Contents/Eclipse/plugins/com.st.stm32cube.ide.mcu.externaltools.gnu-tools-for-stm32.12.3.rel1.macos64_1.1.0.202410301201/tools/bin/../lib/gcc/arm-none-eabi/12.3.1/../../../../arm-none-eabi/lib/thumb/v6-m/nofp/libc_nano.a(libc_a-memset.o)
                0x08002ab4                memset
 .text.__libc_init_array
                0x08002ac4       0x48 /Applications/STM32CubeIDE.app/Contents/Eclipse/plugins/com.st.stm32cube.ide.mcu.externaltools.gnu-tools-for-stm32.12.3.rel1.macos64_1.1.0.202410301201/tools/bin/../lib/gcc/arm-none-eabi/12.3.1/../../../../arm-none-eabi/lib/thumb/v6-m/nofp/libc_nano.a(libc_a-init.o)
                0x08002ac4                __libc_init_array
 .text.memcpy   0x08002b0c       0x12 /Applications/STM32CubeIDE.app/Contents/Eclipse/plugins/com.st.stm32cube.ide.mcu.externaltools.gnu-tools-for-stm32.12.3.rel1.macos64_1.1.0.202410301201/tools/bin/../lib/gcc/arm-none-eabi/12.3.1/../../../../arm-none-eabi/lib/thumb/v6-m/nofp/libc_nano.a(libc_a-memcpy-stub.o)
                0x08002b0c                memcpy
 *(.glue_7)
 .glue_7        0x08002b1e        0x0 linker stubs
 *(.glue_7t)
 .glue_7t       0x08002b1e        0x0 linker stubs
 *(.eh_frame)
 *fill*         0x08002b1e        0x2 
 .eh_frame      0x08002b20        0x0 /Applications/STM32CubeIDE.app/Contents/Eclipse/plugins/com.st.stm32cube.ide.mcu.externaltools.gnu-tools-for-stm32.12.3.rel1.macos64_1.1.0.202410301201/tools/bin/../lib/gcc/arm-none-eabi/12.3.1/thumb/v6-m/nofp/crtbegin.o
 *(.init)
 .init          0x08002b20        0x4 /Applications/STM32CubeIDE.app/Contents/Eclipse/plugins/com.st.stm32cube.ide.mcu.externaltools.gnu-tools-for-stm32.12.3.rel1.macos64_1.1.0.202410301201/tools/bin/../lib/gcc/arm-none-eabi/12.3.1/thumb/v6-m/nofp/crti.o
                0x08002b20                _init
 .init          0x08002b24        0x8 /Applications/STM32CubeIDE.app/Contents/Eclipse/plugins/com.st.stm32cube.ide.mcu.externaltools.gnu-tools-for-stm32.12.3.rel1.macos64_1.1.0.202410301201/tools/bin/../lib/gcc/arm-none-eabi/12.3.1/thumb/v6-m/nofp/crtn.o
 *(.fini)
 .fini          0x08002b2c        0x4 /Applications/STM32CubeIDE.app/Contents/Eclipse/plugins/com.st.stm32cube.ide.mcu.externaltools.gnu-tools-for-stm32.12.3.rel1.macos64_1.1.0.202410301201/tools/bin/../lib/gcc/arm-none-eabi/12.3.1/thumb/v6-m/nofp/crti.o
                0x08002b2c                _fini
 .fini          0x08002b30        0x8 /Applications/STM32CubeIDE.app/Contents/Eclipse/plugins/com.st.stm32cube.ide.mcu.externaltools.gnu-tools-for-stm32.12.3.rel1.macos64_1.1.0.202410301201/tools/bin/../lib/gcc/arm-none-eabi/12.3.1/thumb/v6-m/nofp/crtn.o
                0x08002b38                        . = ALIGN (0x4)
                0x08002b38                        _etext = .

.vfp11_veneer   0x08002b38        0x0
 .vfp11_veneer  0x08002b38        0x0 linker stubs

.v4_bx          0x08002b38        0x0
 .v4_bx         0x08002b38        0x0 linker stubs

.iplt           0x08002b38        0x0
 .iplt          0x08002b38        0x0 /Applications/STM32CubeIDE.app/Contents/Eclipse/plugins/com.st.stm32cube.ide.mcu.externaltools.gnu-tools-for-stm32.12.3.rel1.macos64_1.1.0.202410301201/tools/bin/../lib/gcc/arm-none-eabi/12.3.1/thumb/v6-m/nofp/crtbegin.o

.rodata         0x08002b38      0x304
                0x08002b38                        . = ALIGN (0x4)
 *(.rodata)
 .rodata        0x08002b38       0x24 ./gbmUSBdevice/USBdev/Src/usb_app.o
 *(.rodata*)
 .rodata.ConfigDesc
                0x08002b5c       0xa6 ./gbmUSBdevice/USBdev/Src/usb_app.o
 *fill*         0x08002c02        0x2 
 .rodata.vcomcfg
                0x08002c04       0x18 ./gbmUSBdevice/USBdev/Src/usb_app.o
                0x08002c04                vcomcfg
 .rodata.usbdev
                0x08002c1c       0x38 ./gbmUSBdevice/USBdev/Src/usb_app.o
                0x08002c1c                usbdev
 .rodata.hid_report_desc
                0x08002c54       0x3f ./gbmUSBdevice/USBdev/Src/usb_app.o
                0x08002c54                hid_report_desc
 *fill*         0x08002c93        0x1 
 .rodata.sdLangID
                0x08002c94        0x4 ./gbmUSBdevice/USBdev/Src/usb_app.o
 .rodata.sdVendor
                0x08002c98        0x8 ./gbmUSBdevice/USBdev/Src/usb_app.o
                0x08002c98                sdVendor
 .rodata.sdName
                0x08002ca0        0xa ./gbmUSBdevice/USBdev/Src/usb_app.o
                0x08002ca0                sdName
 *fill*         0x08002caa        0x2 
 .rodata.sdSerial
                0x08002cac        0xa ./gbmUSBdevice/USBdev/Src/usb_app.o
                0x08002cac                sdSerial
 *fill*         0x08002cb6        0x2 
 .rodata.sdVcom0
                0x08002cb8        0xc ./gbmUSBdevice/USBdev/Src/usb_app.o
                0x08002cb8                sdVcom0
 .rodata.sdVcom1
                0x08002cc4        0xc ./gbmUSBdevice/USBdev/Src/usb_app.o
                0x08002cc4                sdVcom1
 .rodata.sdHID  0x08002cd0        0xe ./gbmUSBdevice/USBdev/Src/usb_app.o
                0x08002cd0                sdHID
 *fill*         0x08002cde        0x2 
 .rodata.strdescv
                0x08002ce0       0x1c ./gbmUSBdevice/USBdev/Src/usb_app.o
 .rodata.DevDesc
                0x08002cfc       0x12 ./gbmUSBdevice/USBdev/Src/usb_app.o
 *fill*         0x08002d0e        0x2 
 .rodata.outcfg
                0x08002d10       0x30 ./gbmUSBdevice/USBdev/Src/usb_app.o
 .rodata.incfg  0x08002d40       0x30 ./gbmUSBdevice/USBdev/Src/usb_app.o
 .rodata.if2fun
                0x08002d70        0x5 ./gbmUSBdevice/USBdev/Src/usb_app.o
                0x08002d70                if2fun
 *fill*         0x08002d75        0x3 
 .rodata.usbdcfg
                0x08002d78       0x24 ./gbmUSBdevice/USBdev/Src/usb_app.o
 .rodata.cdc_service
                0x08002d9c        0x8 ./gbmUSBdevice/USBdev/Src/usb_app.o
 .rodata.hid_service
                0x08002da4        0x8 ./gbmUSBdevice/USBdev/Src/usb_app.o
 .rodata.USBclass_HandleRequest
                0x08002dac       0x30 ./gbmUSBdevice/USBdev/Src/usb_class.o
 .rodata.USBdev_HandleRequest
                0x08002ddc       0x28 ./gbmUSBdevice/USBdev/Src/usb_dev.o
 .rodata.zero.1
                0x08002e04        0x2 ./gbmUSBdevice/USBdev/Src/usb_dev.o
 *fill*         0x08002e06        0x2 
 .rodata.eptype
                0x08002e08        0x4 ./gbmUSBdevice/USBdev/Src/usb_hw_g0.o
 .rodata.g0_fs_services
                0x08002e0c       0x30 ./gbmUSBdevice/USBdev/Src/usb_hw_g0.o
                0x08002e0c                g0_fs_services
                0x08002e3c                        . = ALIGN (0x4)

.ARM.extab      0x08002e3c        0x0
                0x08002e3c                        . = ALIGN (0x4)
 *(.ARM.extab* .gnu.linkonce.armextab.*)
                0x08002e3c                        . = ALIGN (0x4)

.ARM            0x08002e3c        0x0
                0x08002e3c                        . = ALIGN (0x4)
                0x08002e3c                        __exidx_start = .
 *(.ARM.exidx*)
                0x08002e3c                        __exidx_end = .
                0x08002e3c                        . = ALIGN (0x4)

.preinit_array  0x08002e3c        0x0
                0x08002e3c                        . = ALIGN (0x4)
                0x08002e3c                        PROVIDE (__preinit_array_start = .)
 *(.preinit_array*)
                0x08002e3c                        PROVIDE (__preinit_array_end = .)
                0x08002e3c                        . = ALIGN (0x4)

.init_array     0x08002e3c        0x4
                0x08002e3c                        . = ALIGN (0x4)
                0x08002e3c                        PROVIDE (__init_array_start = .)
 *(SORT_BY_NAME(.init_array.*))
 *(.init_array*)
 .init_array    0x08002e3c        0x4 /Applications/STM32CubeIDE.app/Contents/Eclipse/plugins/com.st.stm32cube.ide.mcu.externaltools.gnu-tools-for-stm32.12.3.rel1.macos64_1.1.0.202410301201/tools/bin/../lib/gcc/arm-none-eabi/12.3.1/thumb/v6-m/nofp/crtbegin.o
                0x08002e40                        PROVIDE (__init_array_end = .)
                0x08002e40                        . = ALIGN (0x4)

.fini_array     0x08002e40        0x4
                0x08002e40                        . = ALIGN (0x4)
                [!provide]                        PROVIDE (__fini_array_start = .)
 *(SORT_BY_NAME(.fini_array.*))
 *(.fini_array*)
 .fini_array    0x08002e40        0x4 /Applications/STM32CubeIDE.app/Contents/Eclipse/plugins/com.st.stm32cube.ide.mcu.externaltools.gnu-tools-for-stm32.12.3.rel1.macos64_1.1.0.202410301201/tools/bin/../lib/gcc/arm-none-eabi/12.3.1/thumb/v6-m/nofp/crtbegin.o
                [!provide]                        PROVIDE (__fini_array_end = .)
                0x08002e44                        . = ALIGN (0x4)
                0x08002e44                        _sidata = LOADADDR (.data)

.rel.dyn        0x08002e44        0x0
 .rel.iplt      0x08002e44        0x0 /Applications/STM32CubeIDE.app/Contents/Eclipse/plugins/com.st.stm32cube.ide.mcu.externaltools.gnu-tools-for-stm32.12.3.rel1.macos64_1.1.0.202410301201/tools/bin/../lib/gcc/arm-none-eabi/12.3.1/thumb/v6-m/nofp/crtbegin.o

.data           0x20000000      0x178 load address 0x08002e44
                0x20000000                        . = ALIGN (0x4)
                0x20000000                        _sdata = .
 *(.data)
 *(.data*)
 .data.uwTickFreq
                0x20000000        0x1 ./Drivers/STM32C0xx_HAL_Driver/Src/stm32c0xx_hal.o
                0x20000000                uwTickFreq
 *fill*         0x20000001        0x3 
 .data.cdc_data
                0x20000004      0x138 ./gbmUSBdevice/USBdev/Src/usb_app.o
 .data.out_epdata
                0x2000013c       0x30 ./gbmUSBdevice/USBdev/Src/usb_app.o
 .data.ssnotif  0x2000016c        0xa ./gbmUSBdevice/USBdev/Src/usb_app.o
                0x2000016c                ssnotif
 *(.RamFunc)
 *(.RamFunc*)
                0x20000178                        . = ALIGN (0x4)
 *fill*         0x20000176        0x2 
                0x20000178                        _edata = .

.igot.plt       0x20000178        0x0 load address 0x08002fbc
 .igot.plt      0x20000178        0x0 /Applications/STM32CubeIDE.app/Contents/Eclipse/plugins/com.st.stm32cube.ide.mcu.externaltools.gnu-tools-for-stm32.12.3.rel1.macos64_1.1.0.202410301201/tools/bin/../lib/gcc/arm-none-eabi/12.3.1/thumb/v6-m/nofp/crtbegin.o
                0x20000178                        . = ALIGN (0x4)

.bss            0x20000178       0xc8 load address 0x08002fbc
                0x20000178                        _sbss = .
                0x20000178                        __bss_start__ = _sbss
 *(.bss)
 .bss           0x20000178       0x1c /Applications/STM32CubeIDE.app/Contents/Eclipse/plugins/com.st.stm32cube.ide.mcu.externaltools.gnu-tools-for-stm32.12.3.rel1.macos64_1.1.0.202410301201/tools/bin/../lib/gcc/arm-none-eabi/12.3.1/thumb/v6-m/nofp/crtbegin.o
 *(.bss*)
 .bss.hpb_exti  0x20000194        0xc ./Drivers/BSP/STM32C0xx_Nucleo/stm32c0xx_nucleo.o
                0x20000194                hpb_exti
 .bss.uwTick    0x200001a0        0x4 ./Drivers/STM32C0xx_HAL_Driver/Src/stm32c0xx_hal.o
                0x200001a0                uwTick
 .bss.hid_data  0x200001a4       0x16 ./gbmUSBdevice/USBdev/Src/usb_app.o
 .bss.ep0outpkt
                0x200001ba       0x40 ./gbmUSBdevice/USBdev/Src/usb_app.o
 *fill*         0x200001fa        0x2 
 .bss.in_epdata
                0x200001fc       0x30 ./gbmUSBdevice/USBdev/Src/usb_app.o
 .bss.usbdev_msec
                0x2000022c        0x4 ./gbmUSBdevice/USBdev/Src/usb_app.o
                0x2000022c                usbdev_msec
 .bss.uddata    0x20000230        0xe ./gbmUSBdevice/USBdev/Src/usb_app.o
 .bss.epstatus.0
                0x2000023e        0x2 ./gbmUSBdevice/USBdev/Src/usb_dev.o
 *(COMMON)
                0x20000240                        . = ALIGN (0x4)
                0x20000240                        _ebss = .
                0x20000240                        __bss_end__ = _ebss

._user_heap_stack
                0x20000240      0x600 load address 0x08002fbc
                0x20000240                        . = ALIGN (0x8)
                [!provide]                        PROVIDE (end = .)
                0x20000240                        PROVIDE (_end = .)
                0x20000440                        . = (. + _Min_Heap_Size)
 *fill*         0x20000240      0x200 
                0x20000840                        . = (. + _Min_Stack_Size)
 *fill*         0x20000440      0x400 
                0x20000840                        . = ALIGN (0x8)

/DISCARD/
 libc.a(*)
 libm.a(*)
 libgcc.a(*)

.ARM.attributes
                0x00000000       0x28
 *(.ARM.attributes)
 .ARM.attributes
                0x00000000       0x1e /Applications/STM32CubeIDE.app/Contents/Eclipse/plugins/com.st.stm32cube.ide.mcu.externaltools.gnu-tools-for-stm32.12.3.rel1.macos64_1.1.0.202410301201/tools/bin/../lib/gcc/arm-none-eabi/12.3.1/thumb/v6-m/nofp/crti.o
 .ARM.attributes
                0x0000001e       0x2c /Applications/STM32CubeIDE.app/Contents/Eclipse/plugins/com.st.stm32cube.ide.mcu.externaltools.gnu-tools-for-stm32.12.3.rel1.macos64_1.1.0.202410301201/tools/bin/../lib/gcc/arm-none-eabi/12.3.1/thumb/v6-m/nofp/crtbegin.o
 .ARM.attributes
                0x0000004a       0x2c ./Core/Src/stm32c0xx_it.o
 .ARM.attributes
                0x00000076       0x2c ./Core/Src/system_stm32c0xx.o
 .ARM.attributes
                0x000000a2       0x22 ./Core/Startup/startup_stm32c071rbtx.o
 .ARM.attributes
                0x000000c4       0x2c ./Drivers/BSP/STM32C0xx_Nucleo/stm32c0xx_nucleo.o
 .ARM.attributes
                0x000000f0       0x2c ./Drivers/STM32C0xx_HAL_Driver/Src/stm32c0xx_hal.o
 .ARM.attributes
                0x0000011c       0x2c ./Drivers/STM32C0xx_HAL_Driver/Src/stm32c0xx_hal_exti.o
 .ARM.attributes
                0x00000148       0x2c ./gbmUSBdevice/Example/Src/usbdev_main.o
 .ARM.attributes
                0x00000174       0x2c ./gbmUSBdevice/USBdev/Src/usb_app.o
 .ARM.attributes
                0x000001a0       0x2c ./gbmUSBdevice/USBdev/Src/usb_class.o
 .ARM.attributes
                0x000001cc       0x2c ./gbmUSBdevice/USBdev/Src/usb_dev.o
 .ARM.attributes
                0x000001f8       0x2c ./gbmUSBdevice/USBdev/Src/usb_hw_g0.o
 .ARM.attributes
                0x00000224       0x2c /Applications/STM32CubeIDE.app/Contents/Eclipse/plugins/com.st.stm32cube.ide.mcu.externaltools.gnu-tools-for-stm32.12.3.rel1.macos64_1.1.0.202410301201/tools/bin/../lib/gcc/arm-none-eabi/12.3.1/../../../../arm-none-eabi/lib/thumb/v6-m/nofp/libc_nano.a(libc_a-memcmp.o)
 .ARM.attributes
                0x00000250       0x2c /Applications/STM32CubeIDE.app/Contents/Eclipse/plugins/com.st.stm32cube.ide.mcu.externaltools.gnu-tools-for-stm32.12.3.rel1.macos64_1.1.0.202410301201/tools/bin/../lib/gcc/arm-none-eabi/12.3.1/../../../../arm-none-eabi/lib/thumb/v6-m/nofp/libc_nano.a(libc_a-memset.o)
 .ARM.attributes
                0x0000027c       0x2c /Applications/STM32CubeIDE.app/Contents/Eclipse/plugins/com.st.stm32cube.ide.mcu.externaltools.gnu-tools-for-stm32.12.3.rel1.macos64_1.1.0.202410301201/tools/bin/../lib/gcc/arm-none-eabi/12.3.1/../../../../arm-none-eabi/lib/thumb/v6-m/nofp/libc_nano.a(libc_a-init.o)
 .ARM.attributes
                0x000002a8       0x2c /Applications/STM32CubeIDE.app/Contents/Eclipse/plugins/com.st.stm32cube.ide.mcu.externaltools.gnu-tools-for-stm32.12.3.rel1.macos64_1.1.0.202410301201/tools/bin/../lib/gcc/arm-none-eabi/12.3.1/../../../../arm-none-eabi/lib/thumb/v6-m/nofp/libc_nano.a(libc_a-memcpy-stub.o)
 .ARM.attributes
                0x000002d4       0x1c /Applications/STM32CubeIDE.app/Contents/Eclipse/plugins/com.st.stm32cube.ide.mcu.externaltools.gnu-tools-for-stm32.12.3.rel1.macos64_1.1.0.202410301201/tools/bin/../lib/gcc/arm-none-eabi/12.3.1/../../../../arm-none-eabi/lib/thumb/v6-m/nofp/libc_nano.a(libc_a-strlen.o)
 .ARM.attributes
                0x000002f0       0x1e /Applications/STM32CubeIDE.app/Contents/Eclipse/plugins/com.st.stm32cube.ide.mcu.externaltools.gnu-tools-for-stm32.12.3.rel1.macos64_1.1.0.202410301201/tools/bin/../lib/gcc/arm-none-eabi/12.3.1/thumb/v6-m/nofp/libgcc.a(_udivsi3.o)
 .ARM.attributes
                0x0000030e       0x1e /Applications/STM32CubeIDE.app/Contents/Eclipse/plugins/com.st.stm32cube.ide.mcu.externaltools.gnu-tools-for-stm32.12.3.rel1.macos64_1.1.0.202410301201/tools/bin/../lib/gcc/arm-none-eabi/12.3.1/thumb/v6-m/nofp/libgcc.a(_dvmd_tls.o)
 .ARM.attributes
                0x0000032c       0x1e /Applications/STM32CubeIDE.app/Contents/Eclipse/plugins/com.st.stm32cube.ide.mcu.externaltools.gnu-tools-for-stm32.12.3.rel1.macos64_1.1.0.202410301201/tools/bin/../lib/gcc/arm-none-eabi/12.3.1/thumb/v6-m/nofp/crtn.o
OUTPUT(The Buttoner.elf elf32-littlearm)
LOAD linker stubs
LOAD /Applications/STM32CubeIDE.app/Contents/Eclipse/plugins/com.st.stm32cube.ide.mcu.externaltools.gnu-tools-for-stm32.12.3.rel1.macos64_1.1.0.202410301201/tools/bin/../lib/gcc/arm-none-eabi/12.3.1/../../../../arm-none-eabi/lib/thumb/v6-m/nofp/libc.a
LOAD /Applications/STM32CubeIDE.app/Contents/Eclipse/plugins/com.st.stm32cube.ide.mcu.externaltools.gnu-tools-for-stm32.12.3.rel1.macos64_1.1.0.202410301201/tools/bin/../lib/gcc/arm-none-eabi/12.3.1/../../../../arm-none-eabi/lib/thumb/v6-m/nofp/libm.a
LOAD /Applications/STM32CubeIDE.app/Contents/Eclipse/plugins/com.st.stm32cube.ide.mcu.externaltools.gnu-tools-for-stm32.12.3.rel1.macos64_1.1.0.202410301201/tools/bin/../lib/gcc/arm-none-eabi/12.3.1/thumb/v6-m/nofp/libgcc.a

.debug_info     0x00000000     0x6eb4
 .debug_info    0x00000000      0x11b ./Core/Src/stm32c0xx_it.o
 .debug_info    0x0000011b      0x381 ./Core/Src/system_stm32c0xx.o
 .debug_info    0x0000049c       0x30 ./Core/Startup/startup_stm32c071rbtx.o
 .debug_info    0x000004cc      0xacc ./Drivers/BSP/STM32C0xx_Nucleo/stm32c0xx_nucleo.o
 .debug_info    0x00000f98      0x85e ./Drivers/STM32C0xx_HAL_Driver/Src/stm32c0xx_hal.o
 .debug_info    0x000017f6      0x69a ./Drivers/STM32C0xx_HAL_Driver/Src/stm32c0xx_hal_exti.o
 .debug_info    0x00001e90      0x55a ./gbmUSBdevice/Example/Src/usbdev_main.o
 .debug_info    0x000023ea     0x1f56 ./gbmUSBdevice/USBdev/Src/usb_app.o
 .debug_info    0x00004340      0xa72 ./gbmUSBdevice/USBdev/Src/usb_class.o
 .debug_info    0x00004db2      0xcfe ./gbmUSBdevice/USBdev/Src/usb_dev.o
 .debug_info    0x00005ab0     0x1404 ./gbmUSBdevice/USBdev/Src/usb_hw_g0.o

.debug_abbrev   0x00000000     0x1798
 .debug_abbrev  0x00000000       0xbc ./Core/Src/stm32c0xx_it.o
 .debug_abbrev  0x000000bc      0x119 ./Core/Src/system_stm32c0xx.o
 .debug_abbrev  0x000001d5       0x24 ./Core/Startup/startup_stm32c071rbtx.o
 .debug_abbrev  0x000001f9      0x2bd ./Drivers/BSP/STM32C0xx_Nucleo/stm32c0xx_nucleo.o
 .debug_abbrev  0x000004b6      0x2cb ./Drivers/STM32C0xx_HAL_Driver/Src/stm32c0xx_hal.o
 .debug_abbrev  0x00000781      0x165 ./Drivers/STM32C0xx_HAL_Driver/Src/stm32c0xx_hal_exti.o
 .debug_abbrev  0x000008e6      0x1c9 ./gbmUSBdevice/Example/Src/usbdev_main.o
 .debug_abbrev  0x00000aaf      0x44f ./gbmUSBdevice/USBdev/Src/usb_app.o
 .debug_abbrev  0x00000efe      0x219 ./gbmUSBdevice/USBdev/Src/usb_class.o
 .debug_abbrev  0x00001117      0x2aa ./gbmUSBdevice/USBdev/Src/usb_dev.o
 .debug_abbrev  0x000013c1      0x3d7 ./gbmUSBdevice/USBdev/Src/usb_hw_g0.o

.debug_aranges  0x00000000      0x5b0
 .debug_aranges
                0x00000000       0x48 ./Core/Src/stm32c0xx_it.o
 .debug_aranges
                0x00000048       0x28 ./Core/Src/system_stm32c0xx.o
 .debug_aranges
                0x00000070       0x28 ./Core/Startup/startup_stm32c071rbtx.o
 .debug_aranges
                0x00000098       0x90 ./Drivers/BSP/STM32C0xx_Nucleo/stm32c0xx_nucleo.o
 .debug_aranges
                0x00000128      0x100 ./Drivers/STM32C0xx_HAL_Driver/Src/stm32c0xx_hal.o
 .debug_aranges
                0x00000228       0x60 ./Drivers/STM32C0xx_HAL_Driver/Src/stm32c0xx_hal_exti.o
 .debug_aranges
                0x00000288       0x58 ./gbmUSBdevice/Example/Src/usbdev_main.o
 .debug_aranges
                0x000002e0      0x148 ./gbmUSBdevice/USBdev/Src/usb_app.o
 .debug_aranges
                0x00000428       0x38 ./gbmUSBdevice/USBdev/Src/usb_class.o
 .debug_aranges
                0x00000460       0x78 ./gbmUSBdevice/USBdev/Src/usb_dev.o
 .debug_aranges
                0x000004d8       0xd8 ./gbmUSBdevice/USBdev/Src/usb_hw_g0.o

.debug_rnglists
                0x00000000      0x437
 .debug_rnglists
                0x00000000       0x31 ./Core/Src/stm32c0xx_it.o
 .debug_rnglists
                0x00000031       0x1a ./Core/Src/system_stm32c0xx.o
 .debug_rnglists
                0x0000004b       0x19 ./Core/Startup/startup_stm32c071rbtx.o
 .debug_rnglists
                0x00000064       0x6a ./Drivers/BSP/STM32C0xx_Nucleo/stm32c0xx_nucleo.o
 .debug_rnglists
                0x000000ce       0xbc ./Drivers/STM32C0xx_HAL_Driver/Src/stm32c0xx_hal.o
 .debug_rnglists
                0x0000018a       0x47 ./Drivers/STM32C0xx_HAL_Driver/Src/stm32c0xx_hal_exti.o
 .debug_rnglists
                0x000001d1       0x3d ./gbmUSBdevice/Example/Src/usbdev_main.o
 .debug_rnglists
                0x0000020e       0xfa ./gbmUSBdevice/USBdev/Src/usb_app.o
 .debug_rnglists
                0x00000308       0x26 ./gbmUSBdevice/USBdev/Src/usb_class.o
 .debug_rnglists
                0x0000032e       0x67 ./gbmUSBdevice/USBdev/Src/usb_dev.o
 .debug_rnglists
                0x00000395       0xa2 ./gbmUSBdevice/USBdev/Src/usb_hw_g0.o

.debug_macro    0x00000000     0x2412
 .debug_macro   0x00000000      0x21b ./Core/Src/stm32c0xx_it.o
 .debug_macro   0x0000021b      0x1e6 ./Core/Src/system_stm32c0xx.o
 .debug_macro   0x00000401      0x20d ./Drivers/BSP/STM32C0xx_Nucleo/stm32c0xx_nucleo.o
 .debug_macro   0x0000060e       0x1c ./Drivers/BSP/STM32C0xx_Nucleo/stm32c0xx_nucleo.o
 .debug_macro   0x0000062a      0x1fe ./Drivers/STM32C0xx_HAL_Driver/Src/stm32c0xx_hal.o
 .debug_macro   0x00000828      0x1ec ./Drivers/STM32C0xx_HAL_Driver/Src/stm32c0xx_hal_exti.o
 .debug_macro   0x00000a14      0x226 ./gbmUSBdevice/Example/Src/usbdev_main.o
 .debug_macro   0x00000c3a       0x22 ./gbmUSBdevice/Example/Src/usbdev_main.o
 .debug_macro   0x00000c5c      0x124 ./gbmUSBdevice/Example/Src/usbdev_main.o
 .debug_macro   0x00000d80       0xc4 ./gbmUSBdevice/Example/Src/usbdev_main.o
 .debug_macro   0x00000e44       0x4c ./gbmUSBdevice/Example/Src/usbdev_main.o
 .debug_macro   0x00000e90       0xa6 ./gbmUSBdevice/Example/Src/usbdev_main.o
 .debug_macro   0x00000f36       0x16 ./gbmUSBdevice/Example/Src/usbdev_main.o
 .debug_macro   0x00000f4c      0x3aa ./gbmUSBdevice/USBdev/Src/usb_app.o
 .debug_macro   0x000012f6       0x10 ./gbmUSBdevice/USBdev/Src/usb_app.o
 .debug_macro   0x00001306       0x20 ./gbmUSBdevice/USBdev/Src/usb_app.o
 .debug_macro   0x00001326       0x1c ./gbmUSBdevice/USBdev/Src/usb_app.o
 .debug_macro   0x00001342       0x55 ./gbmUSBdevice/USBdev/Src/usb_app.o
 .debug_macro   0x00001397       0x28 ./gbmUSBdevice/USBdev/Src/usb_app.o
 .debug_macro   0x000013bf       0x7d ./gbmUSBdevice/USBdev/Src/usb_app.o
 .debug_macro   0x0000143c       0xb8 ./gbmUSBdevice/USBdev/Src/usb_app.o
 .debug_macro   0x000014f4       0x16 ./gbmUSBdevice/USBdev/Src/usb_app.o
 .debug_macro   0x0000150a       0x10 ./gbmUSBdevice/USBdev/Src/usb_app.o
 .debug_macro   0x0000151a      0x2a3 ./gbmUSBdevice/USBdev/Src/usb_app.o
 .debug_macro   0x000017bd       0x46 ./gbmUSBdevice/USBdev/Src/usb_app.o
 .debug_macro   0x00001803       0x88 ./gbmUSBdevice/USBdev/Src/usb_app.o
 .debug_macro   0x0000188b       0x2e ./gbmUSBdevice/USBdev/Src/usb_app.o
 .debug_macro   0x000018b9       0x16 ./gbmUSBdevice/USBdev/Src/usb_app.o
 .debug_macro   0x000018cf       0x40 ./gbmUSBdevice/USBdev/Src/usb_app.o
 .debug_macro   0x0000190f      0x32e ./gbmUSBdevice/USBdev/Src/usb_class.o
 .debug_macro   0x00001c3d      0x11c ./gbmUSBdevice/USBdev/Src/usb_class.o
 .debug_macro   0x00001d59       0x94 ./gbmUSBdevice/USBdev/Src/usb_class.o
 .debug_macro   0x00001ded       0x16 ./gbmUSBdevice/USBdev/Src/usb_class.o
 .debug_macro   0x00001e03      0x250 ./gbmUSBdevice/USBdev/Src/usb_dev.o
 .debug_macro   0x00002053      0x330 ./gbmUSBdevice/USBdev/Src/usb_hw_g0.o
 .debug_macro   0x00002383       0x61 ./gbmUSBdevice/USBdev/Src/usb_hw_g0.o
 .debug_macro   0x000023e4       0x2e ./gbmUSBdevice/USBdev/Src/usb_hw_g0.o

.debug_line     0x00000000     0x7580
 .debug_line    0x00000000      0x808 ./Core/Src/stm32c0xx_it.o
 .debug_line    0x00000808      0x782 ./Core/Src/system_stm32c0xx.o
 .debug_line    0x00000f8a       0x7d ./Core/Startup/startup_stm32c071rbtx.o
 .debug_line    0x00001007      0x9dc ./Drivers/BSP/STM32C0xx_Nucleo/stm32c0xx_nucleo.o
 .debug_line    0x000019e3      0xa4d ./Drivers/STM32C0xx_HAL_Driver/Src/stm32c0xx_hal.o
 .debug_line    0x00002430      0xae0 ./Drivers/STM32C0xx_HAL_Driver/Src/stm32c0xx_hal_exti.o
 .debug_line    0x00002f10      0x9b7 ./gbmUSBdevice/Example/Src/usbdev_main.o
 .debug_line    0x000038c7     0x1323 ./gbmUSBdevice/USBdev/Src/usb_app.o
 .debug_line    0x00004bea      0xc05 ./gbmUSBdevice/USBdev/Src/usb_class.o
 .debug_line    0x000057ef      0xce0 ./gbmUSBdevice/USBdev/Src/usb_dev.o
 .debug_line    0x000064cf     0x10b1 ./gbmUSBdevice/USBdev/Src/usb_hw_g0.o

.debug_str      0x00000000    0x86041
 .debug_str     0x00000000    0x7d353 ./Core/Src/stm32c0xx_it.o
                              0x7d8d6 (size before relaxing)
 .debug_str     0x0007d353      0x175 ./Core/Src/system_stm32c0xx.o
                              0x7d39a (size before relaxing)
 .debug_str     0x0007d4c8       0x44 ./Core/Startup/startup_stm32c071rbtx.o
                                 0x80 (size before relaxing)
 .debug_str     0x0007d50c      0x5dc ./Drivers/BSP/STM32C0xx_Nucleo/stm32c0xx_nucleo.o
                              0x7df3c (size before relaxing)
 .debug_str     0x0007dae8      0x456 ./Drivers/STM32C0xx_HAL_Driver/Src/stm32c0xx_hal.o
                              0x7d9e7 (size before relaxing)
 .debug_str     0x0007df3e      0x1ea ./Drivers/STM32C0xx_HAL_Driver/Src/stm32c0xx_hal_exti.o
                              0x7d53a (size before relaxing)
 .debug_str     0x0007e128      0xe81 ./gbmUSBdevice/Example/Src/usbdev_main.o
                              0x7e1d7 (size before relaxing)
 .debug_str     0x0007efa9     0x6741 ./gbmUSBdevice/USBdev/Src/usb_app.o
                              0x83e22 (size before relaxing)
 .debug_str     0x000856ea      0x1f9 ./gbmUSBdevice/USBdev/Src/usb_class.o
                              0x820ba (size before relaxing)
 .debug_str     0x000858e3      0x2f9 ./gbmUSBdevice/USBdev/Src/usb_dev.o
                              0x7e3a8 (size before relaxing)
 .debug_str     0x00085bdc      0x465 ./gbmUSBdevice/USBdev/Src/usb_hw_g0.o
                              0x81311 (size before relaxing)

.comment        0x00000000       0x43
 .comment       0x00000000       0x43 ./Core/Src/stm32c0xx_it.o
                                 0x44 (size before relaxing)
 .comment       0x00000043       0x44 ./Core/Src/system_stm32c0xx.o
 .comment       0x00000043       0x44 ./Drivers/BSP/STM32C0xx_Nucleo/stm32c0xx_nucleo.o
 .comment       0x00000043       0x44 ./Drivers/STM32C0xx_HAL_Driver/Src/stm32c0xx_hal.o
 .comment       0x00000043       0x44 ./Drivers/STM32C0xx_HAL_Driver/Src/stm32c0xx_hal_exti.o
 .comment       0x00000043       0x44 ./gbmUSBdevice/Example/Src/usbdev_main.o
 .comment       0x00000043       0x44 ./gbmUSBdevice/USBdev/Src/usb_app.o
 .comment       0x00000043       0x44 ./gbmUSBdevice/USBdev/Src/usb_class.o
 .comment       0x00000043       0x44 ./gbmUSBdevice/USBdev/Src/usb_dev.o
 .comment       0x00000043       0x44 ./gbmUSBdevice/USBdev/Src/usb_hw_g0.o

.debug_frame    0x00000000     0x1330
 .debug_frame   0x00000000       0xb8 ./Core/Src/stm32c0xx_it.o
 .debug_frame   0x000000b8       0x4c ./Core/Src/system_stm32c0xx.o
 .debug_frame   0x00000104      0x1e0 ./Drivers/BSP/STM32C0xx_Nucleo/stm32c0xx_nucleo.o
 .debug_frame   0x000002e4      0x368 ./Drivers/STM32C0xx_HAL_Driver/Src/stm32c0xx_hal.o
 .debug_frame   0x0000064c      0x130 ./Drivers/STM32C0xx_HAL_Driver/Src/stm32c0xx_hal_exti.o
 .debug_frame   0x0000077c       0xf8 ./gbmUSBdevice/Example/Src/usbdev_main.o
 .debug_frame   0x00000874      0x4bc ./gbmUSBdevice/USBdev/Src/usb_app.o
 .debug_frame   0x00000d30       0x90 ./gbmUSBdevice/USBdev/Src/usb_class.o
 .debug_frame   0x00000dc0      0x190 ./gbmUSBdevice/USBdev/Src/usb_dev.o
 .debug_frame   0x00000f50      0x320 ./gbmUSBdevice/USBdev/Src/usb_hw_g0.o
 .debug_frame   0x00001270       0x2c /Applications/STM32CubeIDE.app/Contents/Eclipse/plugins/com.st.stm32cube.ide.mcu.externaltools.gnu-tools-for-stm32.12.3.rel1.macos64_1.1.0.202410301201/tools/bin/../lib/gcc/arm-none-eabi/12.3.1/../../../../arm-none-eabi/lib/thumb/v6-m/nofp/libc_nano.a(libc_a-memcmp.o)
 .debug_frame   0x0000129c       0x20 /Applications/STM32CubeIDE.app/Contents/Eclipse/plugins/com.st.stm32cube.ide.mcu.externaltools.gnu-tools-for-stm32.12.3.rel1.macos64_1.1.0.202410301201/tools/bin/../lib/gcc/arm-none-eabi/12.3.1/../../../../arm-none-eabi/lib/thumb/v6-m/nofp/libc_nano.a(libc_a-memset.o)
 .debug_frame   0x000012bc       0x2c /Applications/STM32CubeIDE.app/Contents/Eclipse/plugins/com.st.stm32cube.ide.mcu.externaltools.gnu-tools-for-stm32.12.3.rel1.macos64_1.1.0.202410301201/tools/bin/../lib/gcc/arm-none-eabi/12.3.1/../../../../arm-none-eabi/lib/thumb/v6-m/nofp/libc_nano.a(libc_a-init.o)
 .debug_frame   0x000012e8       0x28 /Applications/STM32CubeIDE.app/Contents/Eclipse/plugins/com.st.stm32cube.ide.mcu.externaltools.gnu-tools-for-stm32.12.3.rel1.macos64_1.1.0.202410301201/tools/bin/../lib/gcc/arm-none-eabi/12.3.1/../../../../arm-none-eabi/lib/thumb/v6-m/nofp/libc_nano.a(libc_a-memcpy-stub.o)
 .debug_frame   0x00001310       0x20 /Applications/STM32CubeIDE.app/Contents/Eclipse/plugins/com.st.stm32cube.ide.mcu.externaltools.gnu-tools-for-stm32.12.3.rel1.macos64_1.1.0.202410301201/tools/bin/../lib/gcc/arm-none-eabi/12.3.1/thumb/v6-m/nofp/libgcc.a(_udivsi3.o)

.debug_line_str
                0x00000000       0x64
 .debug_line_str
                0x00000000       0x64 ./Core/Startup/startup_stm32c071rbtx.o
