/Users/mae/STM32CubeIDE/workspace_1.17.0/gbmUSBdevice/USBdev/Inc/usb_desc_def.h:74:24:getusb16	16	static
/Users/mae/STM32CubeIDE/workspace_1.17.0/gbmUSBdevice/USBdev/Src/usb_dev.c:33:30:USBclass_ClearEPStall	16	static
/Users/mae/STM32CubeIDE/workspace_1.17.0/gbmUSBdevice/USBdev/Src/usb_dev.c:37:6:USBdev_SetRxBuf	24	static
/Users/mae/STM32CubeIDE/workspace_1.17.0/gbmUSBdevice/USBdev/Src/usb_dev.c:43:6:USBdev_SendData	40	static
/Users/mae/STM32CubeIDE/workspace_1.17.0/gbmUSBdevice/USBdev/Src/usb_dev.c:60:6:USBdev_SendStatus	32	static
/Users/mae/STM32CubeIDE/workspace_1.17.0/gbmUSBdevice/USBdev/Src/usb_dev.c:67:6:USBdev_SendStatusOK	16	static
/Users/mae/STM32CubeIDE/workspace_1.17.0/gbmUSBdevice/USBdev/Src/usb_dev.c:72:6:USBdev_CtrlError	16	static
/Users/mae/STM32CubeIDE/workspace_1.17.0/gbmUSBdevice/USBdev/Src/usb_dev.c:81:13:USBdev_GetDescriptor	40	static
/Users/mae/STM32CubeIDE/workspace_1.17.0/gbmUSBdevice/USBdev/Src/usb_dev.c:136:13:USBdev_HandleRequest	40	static
/Users/mae/STM32CubeIDE/workspace_1.17.0/gbmUSBdevice/USBdev/Src/usb_dev.c:236:6:USBdev_InEPHandler	24	static
/Users/mae/STM32CubeIDE/workspace_1.17.0/gbmUSBdevice/USBdev/Src/usb_dev.c:262:6:USBdev_OutEPHandler	24	static
/Users/mae/STM32CubeIDE/workspace_1.17.0/gbmUSBdevice/USBdev/Src/usb_dev.c:319:27:USBdev_GetEPDescriptor	40	static
