../Drivers/CMSIS/Include/core_cm0plus.h:741:22:__NVIC_EnableIRQ	16	static,ignoring_inline_asm
../Drivers/CMSIS/Include/core_cm0plus.h:779:22:__NVIC_DisableIRQ	16	static,ignoring_inline_asm
../Drivers/CMSIS/Include/core_cm0plus.h:817:22:__NVIC_SetPendingIRQ	16	static
../Drivers/CMSIS/Include/core_cm0plus.h:850:22:__NVIC_SetPriority	24	static
/Users/mae/STM32CubeIDE/workspace_1.17.0/gbmUSBdevice/USBdev/Src/usb_app.c:83:29:BtnGet	8	static
/Users/mae/STM32CubeIDE/workspace_1.17.0/gbmUSBdevice/USBdev/Src/usb_app.c:88:13:HIDupdateKB	32	static
/Users/mae/STM32CubeIDE/workspace_1.17.0/gbmUSBdevice/USBdev/Src/usb_app.c:102:29:LED_Set	16	static
/Users/mae/STM32CubeIDE/workspace_1.17.0/gbmUSBdevice/USBdev/Src/usb_app.c:107:13:HIDsetLEDs	16	static
/Users/mae/STM32CubeIDE/workspace_1.17.0/gbmUSBdevice/USBdev/Src/usb_app.c:163:6:vcom_write	40	static,ignoring_inline_asm
/Users/mae/STM32CubeIDE/workspace_1.17.0/gbmUSBdevice/USBdev/Src/usb_app.c:197:6:vcom_putchar	16	static
/Users/mae/STM32CubeIDE/workspace_1.17.0/gbmUSBdevice/USBdev/Src/usb_app.c:202:6:vcom_putstring	16	static
/Users/mae/STM32CubeIDE/workspace_1.17.0/gbmUSBdevice/USBdev/Src/usb_app.c:208:6:vcom0_putc	16	static
/Users/mae/STM32CubeIDE/workspace_1.17.0/gbmUSBdevice/USBdev/Src/usb_app.c:213:6:vcom0_putstring	16	static
/Users/mae/STM32CubeIDE/workspace_1.17.0/gbmUSBdevice/USBdev/Src/usb_app.c:219:6:vcom1_putc	16	static
/Users/mae/STM32CubeIDE/workspace_1.17.0/gbmUSBdevice/USBdev/Src/usb_app.c:224:6:vcom1_putstring	16	static
/Users/mae/STM32CubeIDE/workspace_1.17.0/gbmUSBdevice/USBdev/Src/usb_app.c:256:20:send_serialstate_notif	24	static
/Users/mae/STM32CubeIDE/workspace_1.17.0/gbmUSBdevice/USBdev/Src/usb_app.c:271:32:vcom_process_input	16	static
/Users/mae/STM32CubeIDE/workspace_1.17.0/gbmUSBdevice/USBdev/Src/usb_app.c:279:29:VCP_ConnStatus	16	static
/Users/mae/STM32CubeIDE/workspace_1.17.0/gbmUSBdevice/USBdev/Src/usb_app.c:287:13:allow_rx	16	static,ignoring_inline_asm
/Users/mae/STM32CubeIDE/workspace_1.17.0/gbmUSBdevice/USBdev/Src/usb_app.c:316:13:usbdev_session_init	40	static
/Users/mae/STM32CubeIDE/workspace_1.17.0/gbmUSBdevice/USBdev/Src/usb_app.c:328:13:usbdev_reset	16	static
/Users/mae/STM32CubeIDE/workspace_1.17.0/gbmUSBdevice/USBdev/Src/usb_app.c:347:13:usbdev_resume	16	static
/Users/mae/STM32CubeIDE/workspace_1.17.0/gbmUSBdevice/USBdev/Src/usb_app.c:366:6:usbdev_tick	40	static
/Users/mae/STM32CubeIDE/workspace_1.17.0/gbmUSBdevice/USBdev/Src/usb_app.c:429:6:cdc_LineStateHandler	16	static
/Users/mae/STM32CubeIDE/workspace_1.17.0/gbmUSBdevice/USBdev/Src/usb_app.c:450:6:vcom_prompt_request	16	static
/Users/mae/STM32CubeIDE/workspace_1.17.0/gbmUSBdevice/USBdev/Src/usb_app.c:457:29:vcom_prompt	16	static
/Users/mae/STM32CubeIDE/workspace_1.17.0/gbmUSBdevice/USBdev/Src/usb_app.c:463:6:VCOM_rx_IRQHandler	32	static
/Users/mae/STM32CubeIDE/workspace_1.17.0/gbmUSBdevice/USBdev/Src/usb_app.c:508:6:RCC_CRS_IRQHandler	8	static
/Users/mae/STM32CubeIDE/workspace_1.17.0/gbmUSBdevice/USBdev/Src/usb_app.c:514:6:VCOM_tx_IRQHandler	40	static
/Users/mae/STM32CubeIDE/workspace_1.17.0/gbmUSBdevice/USBdev/Src/usb_app.c:529:6:ADC1_IRQHandler	8	static
/Users/mae/STM32CubeIDE/workspace_1.17.0/gbmUSBdevice/USBdev/Src/usb_app.c:535:6:TIM16_IRQHandler	8	static
/Users/mae/STM32CubeIDE/workspace_1.17.0/gbmUSBdevice/USBdev/Src/usb_app.c:541:6:TIM17_IRQHandler	8	static
/Users/mae/STM32CubeIDE/workspace_1.17.0/gbmUSBdevice/USBdev/Src/usb_app.c:623:13:HIDoutHandler	16	static
/Users/mae/STM32CubeIDE/workspace_1.17.0/gbmUSBdevice/USBdev/Src/usb_app.c:633:6:DataReceivedHandler	24	static
/Users/mae/STM32CubeIDE/workspace_1.17.0/gbmUSBdevice/USBdev/Src/usb_app.c:682:6:DataSentHandler	16	static
/Users/mae/STM32CubeIDE/workspace_1.17.0/gbmUSBdevice/USBdev/Src/usb_app.c:1032:6:USBapp_Init	8	static
/Users/mae/STM32CubeIDE/workspace_1.17.0/gbmUSBdevice/USBdev/Src/usb_app.c:1061:6:USBapp_DeInit	176	static
/Users/mae/STM32CubeIDE/workspace_1.17.0/gbmUSBdevice/USBdev/Src/usb_app.c:1087:6:USB_DRD_FS_IRQHandler	8	static
