../Drivers/CMSIS/Include/core_cm0plus.h:741:22:__NVIC_EnableIRQ	16	static,ignoring_inline_asm
../Drivers/CMSIS/Include/core_cm0plus.h:779:22:__NVIC_DisableIRQ	16	static,ignoring_inline_asm
/Users/mae/STM32CubeIDE/workspace_1.17.0/gbmUSBdevice/USBdev/Inc/usb_desc_def.h:74:24:getusb16	16	static
/Users/mae/STM32CubeIDE/workspace_1.17.0/gbmUSBdevice/USBdev/Src/usb_hw_g0.c:107:13:USBhw_Init	24	static
/Users/mae/STM32CubeIDE/workspace_1.17.0/gbmUSBdevice/USBdev/Src/usb_hw_g0.c:122:13:USBhw_DeInit	24	static
/Users/mae/STM32CubeIDE/workspace_1.17.0/gbmUSBdevice/USBdev/Src/usb_hw_g0.c:138:23:SetRxNumBlock	16	static
/Users/mae/STM32CubeIDE/workspace_1.17.0/gbmUSBdevice/USBdev/Src/usb_hw_g0.c:147:17:USBhw_GetInEPSize	24	static
/Users/mae/STM32CubeIDE/workspace_1.17.0/gbmUSBdevice/USBdev/Src/usb_hw_g0.c:181:13:SetEPRState	32	static
/Users/mae/STM32CubeIDE/workspace_1.17.0/gbmUSBdevice/USBdev/Src/usb_hw_g0.c:190:13:USBhw_ClrEPToggle	16	static
/Users/mae/STM32CubeIDE/workspace_1.17.0/gbmUSBdevice/USBdev/Src/usb_hw_g0.c:195:13:USBhw_SetEPState	24	static
/Users/mae/STM32CubeIDE/workspace_1.17.0/gbmUSBdevice/USBdev/Src/usb_hw_g0.c:203:13:USBhw_SetEPStall	16	static
/Users/mae/STM32CubeIDE/workspace_1.17.0/gbmUSBdevice/USBdev/Src/usb_hw_g0.c:208:13:USBhw_ClrEPStall	16	static
/Users/mae/STM32CubeIDE/workspace_1.17.0/gbmUSBdevice/USBdev/Src/usb_hw_g0.c:214:13:USBhw_IsEPStalled	24	static
/Users/mae/STM32CubeIDE/workspace_1.17.0/gbmUSBdevice/USBdev/Src/usb_hw_g0.c:224:13:USBhw_EnableRx	16	static
/Users/mae/STM32CubeIDE/workspace_1.17.0/gbmUSBdevice/USBdev/Src/usb_hw_g0.c:229:13:USBhw_EnableCtlSetup	16	static
/Users/mae/STM32CubeIDE/workspace_1.17.0/gbmUSBdevice/USBdev/Src/usb_hw_g0.c:243:13:reset_in_endpoints	16	static
/Users/mae/STM32CubeIDE/workspace_1.17.0/gbmUSBdevice/USBdev/Src/usb_hw_g0.c:249:13:USBhw_Reset	56	static
/Users/mae/STM32CubeIDE/workspace_1.17.0/gbmUSBdevice/USBdev/Src/usb_hw_g0.c:273:24:epbufsize	16	static
/Users/mae/STM32CubeIDE/workspace_1.17.0/gbmUSBdevice/USBdev/Src/usb_hw_g0.c:279:13:USBhw_SetCfg	72	static
/Users/mae/STM32CubeIDE/workspace_1.17.0/gbmUSBdevice/USBdev/Src/usb_hw_g0.c:312:13:USBhw_ResetCfg	32	static
/Users/mae/STM32CubeIDE/workspace_1.17.0/gbmUSBdevice/USBdev/Src/usb_hw_g0.c:325:13:USBhw_WriteTxData	56	static
/Users/mae/STM32CubeIDE/workspace_1.17.0/gbmUSBdevice/USBdev/Src/usb_hw_g0.c:362:13:USBhw_StartTx	16	static
/Users/mae/STM32CubeIDE/workspace_1.17.0/gbmUSBdevice/USBdev/Src/usb_hw_g0.c:377:13:USBhw_ReadRxData	40	static
/Users/mae/STM32CubeIDE/workspace_1.17.0/gbmUSBdevice/USBdev/Src/usb_hw_g0.c:410:6:USBhw_IRQHandler	48	static
