16:08:30 **** Incremental Build of configuration Debug for project The Buttoner ****
make -j7 all 
arm-none-eabi-gcc "/Users/mae/STM32CubeIDE/workspace_1.17.0/gbmUSBdevice/USBdev/Src/usb_app.c" -mcpu=cortex-m0plus -std=gnu11 -g3 -DDEBUG -DUSE_NUCLEO_64 -DUSE_HAL_DRIVER -DSTM32C071xx -c -I../Core/Inc -I"/Users/mae/STM32CubeIDE/workspace_1.17.0/gbmUSBdevice/Example/Inc/STM32C0" -I"/Users/mae/STM32CubeIDE/workspace_1.17.0/gbmUSBdevice/USBdev/Inc" -I"/Users/mae/STM32CubeIDE/workspace_1.17.0/STM32_Inc" -I../Drivers/STM32C0xx_HAL_Driver/Inc -I../Drivers/STM32C0xx_HAL_Driver/Inc/Legacy -I../Drivers/BSP/STM32C0xx_Nucleo -I../Drivers/CMSIS/Device/ST/STM32C0xx/Include -I../Drivers/CMSIS/Include -O0 -ffunction-sections -fdata-sections -Wall -fstack-usage -fcyclomatic-complexity -MMD -MP -MF"gbmUSBdevice/USBdev/Src/usb_app.d" -MT"gbmUSBdevice/USBdev/Src/usb_app.o" --specs=nano.specs -mfloat-abi=soft -mthumb -o "gbmUSBdevice/USBdev/Src/usb_app.o"
arm-none-eabi-gcc "/Users/mae/STM32CubeIDE/workspace_1.17.0/gbmUSBdevice/USBdev/Src/usb_class.c" -mcpu=cortex-m0plus -std=gnu11 -g3 -DDEBUG -DUSE_NUCLEO_64 -DUSE_HAL_DRIVER -DSTM32C071xx -c -I../Core/Inc -I"/Users/mae/STM32CubeIDE/workspace_1.17.0/gbmUSBdevice/Example/Inc/STM32C0" -I"/Users/mae/STM32CubeIDE/workspace_1.17.0/gbmUSBdevice/USBdev/Inc" -I"/Users/mae/STM32CubeIDE/workspace_1.17.0/STM32_Inc" -I../Drivers/STM32C0xx_HAL_Driver/Inc -I../Drivers/STM32C0xx_HAL_Driver/Inc/Legacy -I../Drivers/BSP/STM32C0xx_Nucleo -I../Drivers/CMSIS/Device/ST/STM32C0xx/Include -I../Drivers/CMSIS/Include -O0 -ffunction-sections -fdata-sections -Wall -fstack-usage -fcyclomatic-complexity -MMD -MP -MF"gbmUSBdevice/USBdev/Src/usb_class.d" -MT"gbmUSBdevice/USBdev/Src/usb_class.o" --specs=nano.specs -mfloat-abi=soft -mthumb -o "gbmUSBdevice/USBdev/Src/usb_class.o"
arm-none-eabi-gcc -o "The Buttoner.elf" @"objects.list"   -mcpu=cortex-m0plus -T"/Users/mae/STM32CubeIDE/workspace_1.17.0/The Buttoner/STM32C071RBTX_FLASH.ld" --specs=nosys.specs -Wl,-Map="The Buttoner.map" -Wl,--gc-sections -static --specs=nano.specs -mfloat-abi=soft -mthumb -Wl,--start-group -lc -lm -Wl,--end-group
Finished building target: The Buttoner.elf
 
arm-none-eabi-size  The\ Buttoner.elf 
arm-none-eabi-objdump -h -S The\ Buttoner.elf  > "The Buttoner.list"
   text	   data	    bss	    dec	    hex	filename
  11844	    376	   1736	  13956	   3684	The Buttoner.elf
Finished building: default.size.stdout
 
Finished building: The Buttoner.list
 
16:09:24 **** Incremental Build of configuration Debug for project The Buttoner ****
make -j7 all 
arm-none-eabi-gcc "/Users/mae/STM32CubeIDE/workspace_1.17.0/gbmUSBdevice/USBdev/Src/usb_app.c" -mcpu=cortex-m0plus -std=gnu11 -g3 -DDEBUG -DUSE_NUCLEO_64 -DUSE_HAL_DRIVER -DSTM32C071xx -c -I../Core/Inc -I"/Users/mae/STM32CubeIDE/workspace_1.17.0/gbmUSBdevice/Example/Inc/STM32C0" -I"/Users/mae/STM32CubeIDE/workspace_1.17.0/gbmUSBdevice/USBdev/Inc" -I"/Users/mae/STM32CubeIDE/workspace_1.17.0/STM32_Inc" -I../Drivers/STM32C0xx_HAL_Driver/Inc -I../Drivers/STM32C0xx_HAL_Driver/Inc/Legacy -I../Drivers/BSP/STM32C0xx_Nucleo -I../Drivers/CMSIS/Device/ST/STM32C0xx/Include -I../Drivers/CMSIS/Include -O0 -ffunction-sections -fdata-sections -Wall -fstack-usage -fcyclomatic-complexity -MMD -MP -MF"gbmUSBdevice/USBdev/Src/usb_app.d" -MT"gbmUSBdevice/USBdev/Src/usb_app.o" --specs=nano.specs -mfloat-abi=soft -mthumb -o "gbmUSBdevice/USBdev/Src/usb_app.o"
arm-none-eabi-gcc "/Users/mae/STM32CubeIDE/workspace_1.17.0/gbmUSBdevice/USBdev/Src/usb_class.c" -mcpu=cortex-m0plus -std=gnu11 -g3 -DDEBUG -DUSE_NUCLEO_64 -DUSE_HAL_DRIVER -DSTM32C071xx -c -I../Core/Inc -I"/Users/mae/STM32CubeIDE/workspace_1.17.0/gbmUSBdevice/Example/Inc/STM32C0" -I"/Users/mae/STM32CubeIDE/workspace_1.17.0/gbmUSBdevice/USBdev/Inc" -I"/Users/mae/STM32CubeIDE/workspace_1.17.0/STM32_Inc" -I../Drivers/STM32C0xx_HAL_Driver/Inc -I../Drivers/STM32C0xx_HAL_Driver/Inc/Legacy -I../Drivers/BSP/STM32C0xx_Nucleo -I../Drivers/CMSIS/Device/ST/STM32C0xx/Include -I../Drivers/CMSIS/Include -O0 -ffunction-sections -fdata-sections -Wall -fstack-usage -fcyclomatic-complexity -MMD -MP -MF"gbmUSBdevice/USBdev/Src/usb_class.d" -MT"gbmUSBdevice/USBdev/Src/usb_class.o" --specs=nano.specs -mfloat-abi=soft -mthumb -o "gbmUSBdevice/USBdev/Src/usb_class.o"
arm-none-eabi-gcc -o "The Buttoner.elf" @"objects.list"   -mcpu=cortex-m0plus -T"/Users/mae/STM32CubeIDE/workspace_1.17.0/The Buttoner/STM32C071RBTX_FLASH.ld" --specs=nosys.specs -Wl,-Map="The Buttoner.map" -Wl,--gc-sections -static --specs=nano.specs -mfloat-abi=soft -mthumb -Wl,--start-group -lc -lm -Wl,--end-group
Finished building target: The Buttoner.elf
 
arm-none-eabi-size  The\ Buttoner.elf 
arm-none-eabi-objdump -h -S The\ Buttoner.elf  > "The Buttoner.list"
   text	   data	    bss	    dec	    hex	filename
  11844	    376	   1736	  13956	   3684	The Buttoner.elf
Finished building: default.size.stdout
 
Finished building: The Buttoner.list
 
